// Jest Snapshot v1, https://jestjs.io/docs/snapshot-testing

exports[`search_string_reducer should handle FETCH_MAPITEMS 1`] = `
[
  {
    "DistributionProtocol": "OGC:WMS",
    "GetCapabilitiesUrl": "https://kart.mattilsynet.no/wmscache/service?request=GetCapabilities&service=WMS",
    "Title": "Mattilsynets WMS2",
    "Uuid": "cf630753-508a-4e7a-99da-ae1111090248",
    "addLayers": [],
  },
  {
    "DistributionProtocol": "OGC:WMS",
    "GetCapabilitiesUrl": "https://kart.tromso.kommune.no/arcgis/services/Temadata/SkolerOgBarnehager/MapServer/WMSServer?request=GetCapabilities&service=WMS",
    "Title": "Skoler - WMS",
    "Uuid": "7a50578c-c2b5-4be9-9046-663008016da8",
    "addLayers": [],
  },
]
`;
