// Jest Snapshot v1, https://goo.gl/fbAQLP

exports[`facet_filter_actions updateSelectedFacets Dispatches the correct action and payload 1`] = `
Array [
  Object {
    "payload": Array [
      Object {
        "facetField": "type",
        "facets": Array [
          Object {
            "Name": "dataset",
          },
          Object {
            "Name": "service",
          },
        ],
      },
      Object {
        "facetField": "theme",
        "facets": Array [
          Object {
            "Name": "Befolkning",
          },
          Object {
            "Name": "Energi",
          },
        ],
      },
    ],
    "type": "UPDATE_SELECTEDFACETS",
  },
]
`;
