// Jest Snapshot v1, https://goo.gl/fbAQLP

exports[`MainNavigation should render self and subcomponents 1`] = `
ShallowWrapper {
  Symbol(enzyme.__root__): [Circular],
  Symbol(enzyme.__unrendered__): <MainNavigation
    autoAddItemFromLocalStorage={
      [MockFunction] {
        "calls": Array [
          Array [],
        ],
        "results": Array [
          Object {
            "isThrow": false,
            "value": undefined,
          },
        ],
      }
    }
    fetchGeonorgeMenu={[MockFunction]}
    fetchItemsToDownload={
      [MockFunction] {
        "calls": Array [
          Array [],
        ],
        "results": Array [
          Object {
            "isThrow": false,
            "value": undefined,
          },
        ],
      }
    }
    fetchMapItems={
      [MockFunction] {
        "calls": Array [
          Array [],
        ],
        "results": Array [
          Object {
            "isThrow": false,
            "value": undefined,
          },
        ],
      }
    }
    geonorgeMenu={Array []}
    getDownloadItemMetadata={[MockFunction]}
    getGeonorgeLogo={
      [MockFunction] {
        "calls": Array [
          Array [],
        ],
        "results": Array [
          Object {
            "isThrow": false,
            "value": undefined,
          },
        ],
      }
    }
    getResource={
      [MockFunction] {
        "calls": Array [
          Array [
            "MapCatalog",
            "Kartkatalogen",
          ],
          Array [
            "Articles",
            "Artikler",
          ],
          Array [
            "ToBasket",
            "Åpne nedlastinger",
          ],
        ],
        "results": Array [
          Object {
            "isThrow": false,
            "value": undefined,
          },
          Object {
            "isThrow": false,
            "value": undefined,
          },
          Object {
            "isThrow": false,
            "value": undefined,
          },
        ],
      }
    }
    itemsToDownload={Array []}
    mapItems={Array []}
    removeItemSelectedForDownload={[MockFunction]}
    removeMapItem={[MockFunction]}
    updateOidcCookie={
      [MockFunction] {
        "calls": Array [
          Array [],
        ],
        "results": Array [
          Object {
            "isThrow": false,
            "value": undefined,
          },
        ],
      }
    }
  />,
  Symbol(enzyme.__renderer__): Object {
    "batchedUpdates": [Function],
    "checkPropTypes": [Function],
    "getNode": [Function],
    "render": [Function],
    "simulateError": [Function],
    "simulateEvent": [Function],
    "unmount": [Function],
  },
  Symbol(enzyme.__node__): Object {
    "instance": null,
    "key": undefined,
    "nodeType": "host",
    "props": Object {
      "children": <div
        className="mainNavigation container"
      >
        <Link
          to="/"
        >
          <div
            className="logo"
          >
            <img
              alt="Geonorge logo"
            />
          </div>
        </Link>
        <div
          className="search"
        >
          <ErrorBoundary>
            <Connect(SearchBar) />
          </ErrorBoundary>
          <ul
            className="radioButtons"
          >
            <li
              className="radioButton"
            >
              <span>
                <FontAwesomeIcon
                  border={false}
                  className="radio"
                  fixedWidth={false}
                  flip={null}
                  icon={
                    Array [
                      "far",
                      "circle",
                    ]
                  }
                  inverse={false}
                  listItem={false}
                  mask={null}
                  pull={null}
                  pulse={false}
                  rotation={null}
                  size={null}
                  spin={false}
                  symbol={false}
                  title=""
                  transform={null}
                />
                 
                <b>
                  (
                  0
                  )
                </b>
              </span>
            </li>
            <li
              className="radioButton"
            >
              <Link
                to={
                  Object {
                    "pathname": "/articles",
                    "search": "text=undefined",
                  }
                }
              >
                <FontAwesomeIcon
                  border={false}
                  className="radio"
                  fixedWidth={false}
                  flip={null}
                  icon={
                    Array [
                      "far",
                      "circle",
                    ]
                  }
                  inverse={false}
                  listItem={false}
                  mask={null}
                  pull={null}
                  pulse={false}
                  rotation={null}
                  size={null}
                  spin={false}
                  symbol={false}
                  title=""
                  transform={null}
                />
                 
                <b>
                  (
                  0
                  )
                </b>
              </Link>
            </li>
          </ul>
        </div>
        <Connect(GeonorgeMenuButton)
          geonorgeMenu={Array []}
          multilingual={true}
        />
        <Link
          to="/kart"
        >
          <span
            className="iconButton"
          >
            <span
              className="counter"
            >
              0
            </span>
            <FontAwesomeIcon
              border={false}
              className="content1"
              fixedWidth={false}
              flip={null}
              icon="map-marker-alt"
              inverse={false}
              listItem={false}
              mask={null}
              pull={null}
              pulse={false}
              rotation={null}
              size={null}
              spin={false}
              symbol={false}
              title=""
              transform={null}
            />
          </span>
        </Link>
        <div>
          <div
            className="openmap"
            onClick={[Function]}
          >
            <span
              className="iconButton"
            >
              <span
                className="counter"
              >
                0
              </span>
              <FontAwesomeIcon
                border={false}
                className="content1"
                fixedWidth={false}
                flip={null}
                icon="cloud-download"
                inverse={false}
                listItem={false}
                mask={null}
                pull={null}
                pulse={false}
                rotation={null}
                size={null}
                spin={false}
                symbol={false}
                title="Vis nedlastede elementer"
                transform={null}
              />
            </span>
          </div>
          <div
            className="expandeddownload"
          >
            <a
              className="openMaplink"
              href="/nedlasting"
              target="_self"
            />
            <ul
              className="mapitems"
            />
          </div>
        </div>
      </div>,
      "className": "mainNavigationContainer",
    },
    "ref": null,
    "rendered": Object {
      "instance": null,
      "key": undefined,
      "nodeType": "host",
      "props": Object {
        "children": Array [
          <Link
            to="/"
          >
            <div
              className="logo"
            >
              <img
                alt="Geonorge logo"
              />
            </div>
          </Link>,
          <div
            className="search"
          >
            <ErrorBoundary>
              <Connect(SearchBar) />
            </ErrorBoundary>
            <ul
              className="radioButtons"
            >
              <li
                className="radioButton"
              >
                <span>
                  <FontAwesomeIcon
                    border={false}
                    className="radio"
                    fixedWidth={false}
                    flip={null}
                    icon={
                      Array [
                        "far",
                        "circle",
                      ]
                    }
                    inverse={false}
                    listItem={false}
                    mask={null}
                    pull={null}
                    pulse={false}
                    rotation={null}
                    size={null}
                    spin={false}
                    symbol={false}
                    title=""
                    transform={null}
                  />
                   
                  <b>
                    (
                    0
                    )
                  </b>
                </span>
              </li>
              <li
                className="radioButton"
              >
                <Link
                  to={
                    Object {
                      "pathname": "/articles",
                      "search": "text=undefined",
                    }
                  }
                >
                  <FontAwesomeIcon
                    border={false}
                    className="radio"
                    fixedWidth={false}
                    flip={null}
                    icon={
                      Array [
                        "far",
                        "circle",
                      ]
                    }
                    inverse={false}
                    listItem={false}
                    mask={null}
                    pull={null}
                    pulse={false}
                    rotation={null}
                    size={null}
                    spin={false}
                    symbol={false}
                    title=""
                    transform={null}
                  />
                   
                  <b>
                    (
                    0
                    )
                  </b>
                </Link>
              </li>
            </ul>
          </div>,
          <Connect(GeonorgeMenuButton)
            geonorgeMenu={Array []}
            multilingual={true}
          />,
          <Link
            to="/kart"
          >
            <span
              className="iconButton"
            >
              <span
                className="counter"
              >
                0
              </span>
              <FontAwesomeIcon
                border={false}
                className="content1"
                fixedWidth={false}
                flip={null}
                icon="map-marker-alt"
                inverse={false}
                listItem={false}
                mask={null}
                pull={null}
                pulse={false}
                rotation={null}
                size={null}
                spin={false}
                symbol={false}
                title=""
                transform={null}
              />
            </span>
          </Link>,
          <div>
            <div
              className="openmap"
              onClick={[Function]}
            >
              <span
                className="iconButton"
              >
                <span
                  className="counter"
                >
                  0
                </span>
                <FontAwesomeIcon
                  border={false}
                  className="content1"
                  fixedWidth={false}
                  flip={null}
                  icon="cloud-download"
                  inverse={false}
                  listItem={false}
                  mask={null}
                  pull={null}
                  pulse={false}
                  rotation={null}
                  size={null}
                  spin={false}
                  symbol={false}
                  title="Vis nedlastede elementer"
                  transform={null}
                />
              </span>
            </div>
            <div
              className="expandeddownload"
            >
              <a
                className="openMaplink"
                href="/nedlasting"
                target="_self"
              />
              <ul
                className="mapitems"
              />
            </div>
          </div>,
        ],
        "className": "mainNavigation container",
      },
      "ref": null,
      "rendered": Array [
        Object {
          "instance": null,
          "key": undefined,
          "nodeType": "class",
          "props": Object {
            "children": <div
              className="logo"
            >
              <img
                alt="Geonorge logo"
              />
            </div>,
            "to": "/",
          },
          "ref": null,
          "rendered": Object {
            "instance": null,
            "key": undefined,
            "nodeType": "host",
            "props": Object {
              "children": <img
                alt="Geonorge logo"
              />,
              "className": "logo",
            },
            "ref": null,
            "rendered": Object {
              "instance": null,
              "key": undefined,
              "nodeType": "host",
              "props": Object {
                "alt": "Geonorge logo",
                "src": undefined,
              },
              "ref": null,
              "rendered": null,
              "type": "img",
            },
            "type": "div",
          },
          "type": [Function],
        },
        Object {
          "instance": null,
          "key": undefined,
          "nodeType": "host",
          "props": Object {
            "children": Array [
              <ErrorBoundary>
                <Connect(SearchBar) />
              </ErrorBoundary>,
              <ul
                className="radioButtons"
              >
                <li
                  className="radioButton"
                >
                  <span>
                    <FontAwesomeIcon
                      border={false}
                      className="radio"
                      fixedWidth={false}
                      flip={null}
                      icon={
                        Array [
                          "far",
                          "circle",
                        ]
                      }
                      inverse={false}
                      listItem={false}
                      mask={null}
                      pull={null}
                      pulse={false}
                      rotation={null}
                      size={null}
                      spin={false}
                      symbol={false}
                      title=""
                      transform={null}
                    />
                     
                    <b>
                      (
                      0
                      )
                    </b>
                  </span>
                </li>
                <li
                  className="radioButton"
                >
                  <Link
                    to={
                      Object {
                        "pathname": "/articles",
                        "search": "text=undefined",
                      }
                    }
                  >
                    <FontAwesomeIcon
                      border={false}
                      className="radio"
                      fixedWidth={false}
                      flip={null}
                      icon={
                        Array [
                          "far",
                          "circle",
                        ]
                      }
                      inverse={false}
                      listItem={false}
                      mask={null}
                      pull={null}
                      pulse={false}
                      rotation={null}
                      size={null}
                      spin={false}
                      symbol={false}
                      title=""
                      transform={null}
                    />
                     
                    <b>
                      (
                      0
                      )
                    </b>
                  </Link>
                </li>
              </ul>,
            ],
            "className": "search",
          },
          "ref": null,
          "rendered": Array [
            Object {
              "instance": null,
              "key": undefined,
              "nodeType": "class",
              "props": Object {
                "children": <Connect(SearchBar) />,
              },
              "ref": null,
              "rendered": Object {
                "instance": null,
                "key": undefined,
                "nodeType": "class",
                "props": Object {},
                "ref": null,
                "rendered": null,
                "type": [Function],
              },
              "type": [Function],
            },
            Object {
              "instance": null,
              "key": undefined,
              "nodeType": "host",
              "props": Object {
                "children": Array [
                  <li
                    className="radioButton"
                  >
                    <span>
                      <FontAwesomeIcon
                        border={false}
                        className="radio"
                        fixedWidth={false}
                        flip={null}
                        icon={
                          Array [
                            "far",
                            "circle",
                          ]
                        }
                        inverse={false}
                        listItem={false}
                        mask={null}
                        pull={null}
                        pulse={false}
                        rotation={null}
                        size={null}
                        spin={false}
                        symbol={false}
                        title=""
                        transform={null}
                      />
                       
                      <b>
                        (
                        0
                        )
                      </b>
                    </span>
                  </li>,
                  <li
                    className="radioButton"
                  >
                    <Link
                      to={
                        Object {
                          "pathname": "/articles",
                          "search": "text=undefined",
                        }
                      }
                    >
                      <FontAwesomeIcon
                        border={false}
                        className="radio"
                        fixedWidth={false}
                        flip={null}
                        icon={
                          Array [
                            "far",
                            "circle",
                          ]
                        }
                        inverse={false}
                        listItem={false}
                        mask={null}
                        pull={null}
                        pulse={false}
                        rotation={null}
                        size={null}
                        spin={false}
                        symbol={false}
                        title=""
                        transform={null}
                      />
                       
                      <b>
                        (
                        0
                        )
                      </b>
                    </Link>
                  </li>,
                ],
                "className": "radioButtons",
              },
              "ref": null,
              "rendered": Array [
                Object {
                  "instance": null,
                  "key": "0",
                  "nodeType": "host",
                  "props": Object {
                    "children": <span>
                      <FontAwesomeIcon
                        border={false}
                        className="radio"
                        fixedWidth={false}
                        flip={null}
                        icon={
                          Array [
                            "far",
                            "circle",
                          ]
                        }
                        inverse={false}
                        listItem={false}
                        mask={null}
                        pull={null}
                        pulse={false}
                        rotation={null}
                        size={null}
                        spin={false}
                        symbol={false}
                        title=""
                        transform={null}
                      />
                       
                      <b>
                        (
                        0
                        )
                      </b>
                    </span>,
                    "className": "radioButton",
                  },
                  "ref": null,
                  "rendered": Object {
                    "instance": null,
                    "key": undefined,
                    "nodeType": "host",
                    "props": Object {
                      "children": Array [
                        <FontAwesomeIcon
                          border={false}
                          className="radio"
                          fixedWidth={false}
                          flip={null}
                          icon={
                            Array [
                              "far",
                              "circle",
                            ]
                          }
                          inverse={false}
                          listItem={false}
                          mask={null}
                          pull={null}
                          pulse={false}
                          rotation={null}
                          size={null}
                          spin={false}
                          symbol={false}
                          title=""
                          transform={null}
                        />,
                        undefined,
                        " ",
                        <b>
                          (
                          0
                          )
                        </b>,
                      ],
                    },
                    "ref": null,
                    "rendered": Array [
                      Object {
                        "instance": null,
                        "key": undefined,
                        "nodeType": "function",
                        "props": Object {
                          "border": false,
                          "className": "radio",
                          "fixedWidth": false,
                          "flip": null,
                          "icon": Array [
                            "far",
                            "circle",
                          ],
                          "inverse": false,
                          "listItem": false,
                          "mask": null,
                          "pull": null,
                          "pulse": false,
                          "rotation": null,
                          "size": null,
                          "spin": false,
                          "symbol": false,
                          "title": "",
                          "transform": null,
                        },
                        "ref": null,
                        "rendered": null,
                        "type": [Function],
                      },
                      undefined,
                      " ",
                      Object {
                        "instance": null,
                        "key": undefined,
                        "nodeType": "host",
                        "props": Object {
                          "children": Array [
                            "(",
                            0,
                            ")",
                          ],
                        },
                        "ref": null,
                        "rendered": Array [
                          "(",
                          0,
                          ")",
                        ],
                        "type": "b",
                      },
                    ],
                    "type": "span",
                  },
                  "type": "li",
                },
                Object {
                  "instance": null,
                  "key": "1",
                  "nodeType": "host",
                  "props": Object {
                    "children": <Link
                      to={
                        Object {
                          "pathname": "/articles",
                          "search": "text=undefined",
                        }
                      }
                    >
                      <FontAwesomeIcon
                        border={false}
                        className="radio"
                        fixedWidth={false}
                        flip={null}
                        icon={
                          Array [
                            "far",
                            "circle",
                          ]
                        }
                        inverse={false}
                        listItem={false}
                        mask={null}
                        pull={null}
                        pulse={false}
                        rotation={null}
                        size={null}
                        spin={false}
                        symbol={false}
                        title=""
                        transform={null}
                      />
                       
                      <b>
                        (
                        0
                        )
                      </b>
                    </Link>,
                    "className": "radioButton",
                  },
                  "ref": null,
                  "rendered": Object {
                    "instance": null,
                    "key": undefined,
                    "nodeType": "class",
                    "props": Object {
                      "children": Array [
                        <FontAwesomeIcon
                          border={false}
                          className="radio"
                          fixedWidth={false}
                          flip={null}
                          icon={
                            Array [
                              "far",
                              "circle",
                            ]
                          }
                          inverse={false}
                          listItem={false}
                          mask={null}
                          pull={null}
                          pulse={false}
                          rotation={null}
                          size={null}
                          spin={false}
                          symbol={false}
                          title=""
                          transform={null}
                        />,
                        undefined,
                        " ",
                        <b>
                          (
                          0
                          )
                        </b>,
                      ],
                      "to": Object {
                        "pathname": "/articles",
                        "search": "text=undefined",
                      },
                    },
                    "ref": null,
                    "rendered": Array [
                      Object {
                        "instance": null,
                        "key": undefined,
                        "nodeType": "function",
                        "props": Object {
                          "border": false,
                          "className": "radio",
                          "fixedWidth": false,
                          "flip": null,
                          "icon": Array [
                            "far",
                            "circle",
                          ],
                          "inverse": false,
                          "listItem": false,
                          "mask": null,
                          "pull": null,
                          "pulse": false,
                          "rotation": null,
                          "size": null,
                          "spin": false,
                          "symbol": false,
                          "title": "",
                          "transform": null,
                        },
                        "ref": null,
                        "rendered": null,
                        "type": [Function],
                      },
                      undefined,
                      " ",
                      Object {
                        "instance": null,
                        "key": undefined,
                        "nodeType": "host",
                        "props": Object {
                          "children": Array [
                            "(",
                            0,
                            ")",
                          ],
                        },
                        "ref": null,
                        "rendered": Array [
                          "(",
                          0,
                          ")",
                        ],
                        "type": "b",
                      },
                    ],
                    "type": [Function],
                  },
                  "type": "li",
                },
              ],
              "type": "ul",
            },
          ],
          "type": "div",
        },
        Object {
          "instance": null,
          "key": undefined,
          "nodeType": "class",
          "props": Object {
            "geonorgeMenu": Array [],
            "multilingual": true,
          },
          "ref": null,
          "rendered": null,
          "type": [Function],
        },
        Object {
          "instance": null,
          "key": undefined,
          "nodeType": "class",
          "props": Object {
            "children": <span
              className="iconButton"
            >
              <span
                className="counter"
              >
                0
              </span>
              <FontAwesomeIcon
                border={false}
                className="content1"
                fixedWidth={false}
                flip={null}
                icon="map-marker-alt"
                inverse={false}
                listItem={false}
                mask={null}
                pull={null}
                pulse={false}
                rotation={null}
                size={null}
                spin={false}
                symbol={false}
                title=""
                transform={null}
              />
            </span>,
            "to": "/kart",
          },
          "ref": null,
          "rendered": Object {
            "instance": null,
            "key": undefined,
            "nodeType": "host",
            "props": Object {
              "children": Array [
                <span
                  className="counter"
                >
                  0
                </span>,
                <FontAwesomeIcon
                  border={false}
                  className="content1"
                  fixedWidth={false}
                  flip={null}
                  icon="map-marker-alt"
                  inverse={false}
                  listItem={false}
                  mask={null}
                  pull={null}
                  pulse={false}
                  rotation={null}
                  size={null}
                  spin={false}
                  symbol={false}
                  title=""
                  transform={null}
                />,
              ],
              "className": "iconButton",
            },
            "ref": null,
            "rendered": Array [
              Object {
                "instance": null,
                "key": undefined,
                "nodeType": "host",
                "props": Object {
                  "children": 0,
                  "className": "counter",
                },
                "ref": null,
                "rendered": 0,
                "type": "span",
              },
              Object {
                "instance": null,
                "key": "map-alt",
                "nodeType": "function",
                "props": Object {
                  "border": false,
                  "className": "content1",
                  "fixedWidth": false,
                  "flip": null,
                  "icon": "map-marker-alt",
                  "inverse": false,
                  "listItem": false,
                  "mask": null,
                  "pull": null,
                  "pulse": false,
                  "rotation": null,
                  "size": null,
                  "spin": false,
                  "symbol": false,
                  "title": "",
                  "transform": null,
                },
                "ref": null,
                "rendered": null,
                "type": [Function],
              },
            ],
            "type": "span",
          },
          "type": [Function],
        },
        Object {
          "instance": null,
          "key": undefined,
          "nodeType": "host",
          "props": Object {
            "children": Array [
              <div
                className="openmap"
                onClick={[Function]}
              >
                <span
                  className="iconButton"
                >
                  <span
                    className="counter"
                  >
                    0
                  </span>
                  <FontAwesomeIcon
                    border={false}
                    className="content1"
                    fixedWidth={false}
                    flip={null}
                    icon="cloud-download"
                    inverse={false}
                    listItem={false}
                    mask={null}
                    pull={null}
                    pulse={false}
                    rotation={null}
                    size={null}
                    spin={false}
                    symbol={false}
                    title="Vis nedlastede elementer"
                    transform={null}
                  />
                </span>
              </div>,
              <div
                className="expandeddownload"
              >
                <a
                  className="openMaplink"
                  href="/nedlasting"
                  target="_self"
                />
                <ul
                  className="mapitems"
                />
              </div>,
            ],
          },
          "ref": [Function],
          "rendered": Array [
            Object {
              "instance": null,
              "key": undefined,
              "nodeType": "host",
              "props": Object {
                "children": <span
                  className="iconButton"
                >
                  <span
                    className="counter"
                  >
                    0
                  </span>
                  <FontAwesomeIcon
                    border={false}
                    className="content1"
                    fixedWidth={false}
                    flip={null}
                    icon="cloud-download"
                    inverse={false}
                    listItem={false}
                    mask={null}
                    pull={null}
                    pulse={false}
                    rotation={null}
                    size={null}
                    spin={false}
                    symbol={false}
                    title="Vis nedlastede elementer"
                    transform={null}
                  />
                </span>,
                "className": "openmap",
                "onClick": [Function],
              },
              "ref": null,
              "rendered": Object {
                "instance": null,
                "key": undefined,
                "nodeType": "host",
                "props": Object {
                  "children": Array [
                    <span
                      className="counter"
                    >
                      0
                    </span>,
                    <FontAwesomeIcon
                      border={false}
                      className="content1"
                      fixedWidth={false}
                      flip={null}
                      icon="cloud-download"
                      inverse={false}
                      listItem={false}
                      mask={null}
                      pull={null}
                      pulse={false}
                      rotation={null}
                      size={null}
                      spin={false}
                      symbol={false}
                      title="Vis nedlastede elementer"
                      transform={null}
                    />,
                  ],
                  "className": "iconButton",
                },
                "ref": null,
                "rendered": Array [
                  Object {
                    "instance": null,
                    "key": undefined,
                    "nodeType": "host",
                    "props": Object {
                      "children": 0,
                      "className": "counter",
                    },
                    "ref": null,
                    "rendered": 0,
                    "type": "span",
                  },
                  Object {
                    "instance": null,
                    "key": undefined,
                    "nodeType": "function",
                    "props": Object {
                      "border": false,
                      "className": "content1",
                      "fixedWidth": false,
                      "flip": null,
                      "icon": "cloud-download",
                      "inverse": false,
                      "listItem": false,
                      "mask": null,
                      "pull": null,
                      "pulse": false,
                      "rotation": null,
                      "size": null,
                      "spin": false,
                      "symbol": false,
                      "title": "Vis nedlastede elementer",
                      "transform": null,
                    },
                    "ref": null,
                    "rendered": null,
                    "type": [Function],
                  },
                ],
                "type": "span",
              },
              "type": "div",
            },
            Object {
              "instance": null,
              "key": undefined,
              "nodeType": "host",
              "props": Object {
                "children": Array [
                  <a
                    className="openMaplink"
                    href="/nedlasting"
                    target="_self"
                  />,
                  <ul
                    className="mapitems"
                  />,
                ],
                "className": "expandeddownload",
              },
              "ref": null,
              "rendered": Array [
                Object {
                  "instance": null,
                  "key": undefined,
                  "nodeType": "host",
                  "props": Object {
                    "children": undefined,
                    "className": "openMaplink",
                    "href": "/nedlasting",
                    "target": "_self",
                  },
                  "ref": null,
                  "rendered": null,
                  "type": "a",
                },
                Object {
                  "instance": null,
                  "key": undefined,
                  "nodeType": "host",
                  "props": Object {
                    "children": Array [],
                    "className": "mapitems",
                  },
                  "ref": null,
                  "rendered": Array [],
                  "type": "ul",
                },
              ],
              "type": "div",
            },
          ],
          "type": "div",
        },
      ],
      "type": "div",
    },
    "type": "div",
  },
  Symbol(enzyme.__nodes__): Array [
    Object {
      "instance": null,
      "key": undefined,
      "nodeType": "host",
      "props": Object {
        "children": <div
          className="mainNavigation container"
        >
          <Link
            to="/"
          >
            <div
              className="logo"
            >
              <img
                alt="Geonorge logo"
              />
            </div>
          </Link>
          <div
            className="search"
          >
            <ErrorBoundary>
              <Connect(SearchBar) />
            </ErrorBoundary>
            <ul
              className="radioButtons"
            >
              <li
                className="radioButton"
              >
                <span>
                  <FontAwesomeIcon
                    border={false}
                    className="radio"
                    fixedWidth={false}
                    flip={null}
                    icon={
                      Array [
                        "far",
                        "circle",
                      ]
                    }
                    inverse={false}
                    listItem={false}
                    mask={null}
                    pull={null}
                    pulse={false}
                    rotation={null}
                    size={null}
                    spin={false}
                    symbol={false}
                    title=""
                    transform={null}
                  />
                   
                  <b>
                    (
                    0
                    )
                  </b>
                </span>
              </li>
              <li
                className="radioButton"
              >
                <Link
                  to={
                    Object {
                      "pathname": "/articles",
                      "search": "text=undefined",
                    }
                  }
                >
                  <FontAwesomeIcon
                    border={false}
                    className="radio"
                    fixedWidth={false}
                    flip={null}
                    icon={
                      Array [
                        "far",
                        "circle",
                      ]
                    }
                    inverse={false}
                    listItem={false}
                    mask={null}
                    pull={null}
                    pulse={false}
                    rotation={null}
                    size={null}
                    spin={false}
                    symbol={false}
                    title=""
                    transform={null}
                  />
                   
                  <b>
                    (
                    0
                    )
                  </b>
                </Link>
              </li>
            </ul>
          </div>
          <Connect(GeonorgeMenuButton)
            geonorgeMenu={Array []}
            multilingual={true}
          />
          <Link
            to="/kart"
          >
            <span
              className="iconButton"
            >
              <span
                className="counter"
              >
                0
              </span>
              <FontAwesomeIcon
                border={false}
                className="content1"
                fixedWidth={false}
                flip={null}
                icon="map-marker-alt"
                inverse={false}
                listItem={false}
                mask={null}
                pull={null}
                pulse={false}
                rotation={null}
                size={null}
                spin={false}
                symbol={false}
                title=""
                transform={null}
              />
            </span>
          </Link>
          <div>
            <div
              className="openmap"
              onClick={[Function]}
            >
              <span
                className="iconButton"
              >
                <span
                  className="counter"
                >
                  0
                </span>
                <FontAwesomeIcon
                  border={false}
                  className="content1"
                  fixedWidth={false}
                  flip={null}
                  icon="cloud-download"
                  inverse={false}
                  listItem={false}
                  mask={null}
                  pull={null}
                  pulse={false}
                  rotation={null}
                  size={null}
                  spin={false}
                  symbol={false}
                  title="Vis nedlastede elementer"
                  transform={null}
                />
              </span>
            </div>
            <div
              className="expandeddownload"
            >
              <a
                className="openMaplink"
                href="/nedlasting"
                target="_self"
              />
              <ul
                className="mapitems"
              />
            </div>
          </div>
        </div>,
        "className": "mainNavigationContainer",
      },
      "ref": null,
      "rendered": Object {
        "instance": null,
        "key": undefined,
        "nodeType": "host",
        "props": Object {
          "children": Array [
            <Link
              to="/"
            >
              <div
                className="logo"
              >
                <img
                  alt="Geonorge logo"
                />
              </div>
            </Link>,
            <div
              className="search"
            >
              <ErrorBoundary>
                <Connect(SearchBar) />
              </ErrorBoundary>
              <ul
                className="radioButtons"
              >
                <li
                  className="radioButton"
                >
                  <span>
                    <FontAwesomeIcon
                      border={false}
                      className="radio"
                      fixedWidth={false}
                      flip={null}
                      icon={
                        Array [
                          "far",
                          "circle",
                        ]
                      }
                      inverse={false}
                      listItem={false}
                      mask={null}
                      pull={null}
                      pulse={false}
                      rotation={null}
                      size={null}
                      spin={false}
                      symbol={false}
                      title=""
                      transform={null}
                    />
                     
                    <b>
                      (
                      0
                      )
                    </b>
                  </span>
                </li>
                <li
                  className="radioButton"
                >
                  <Link
                    to={
                      Object {
                        "pathname": "/articles",
                        "search": "text=undefined",
                      }
                    }
                  >
                    <FontAwesomeIcon
                      border={false}
                      className="radio"
                      fixedWidth={false}
                      flip={null}
                      icon={
                        Array [
                          "far",
                          "circle",
                        ]
                      }
                      inverse={false}
                      listItem={false}
                      mask={null}
                      pull={null}
                      pulse={false}
                      rotation={null}
                      size={null}
                      spin={false}
                      symbol={false}
                      title=""
                      transform={null}
                    />
                     
                    <b>
                      (
                      0
                      )
                    </b>
                  </Link>
                </li>
              </ul>
            </div>,
            <Connect(GeonorgeMenuButton)
              geonorgeMenu={Array []}
              multilingual={true}
            />,
            <Link
              to="/kart"
            >
              <span
                className="iconButton"
              >
                <span
                  className="counter"
                >
                  0
                </span>
                <FontAwesomeIcon
                  border={false}
                  className="content1"
                  fixedWidth={false}
                  flip={null}
                  icon="map-marker-alt"
                  inverse={false}
                  listItem={false}
                  mask={null}
                  pull={null}
                  pulse={false}
                  rotation={null}
                  size={null}
                  spin={false}
                  symbol={false}
                  title=""
                  transform={null}
                />
              </span>
            </Link>,
            <div>
              <div
                className="openmap"
                onClick={[Function]}
              >
                <span
                  className="iconButton"
                >
                  <span
                    className="counter"
                  >
                    0
                  </span>
                  <FontAwesomeIcon
                    border={false}
                    className="content1"
                    fixedWidth={false}
                    flip={null}
                    icon="cloud-download"
                    inverse={false}
                    listItem={false}
                    mask={null}
                    pull={null}
                    pulse={false}
                    rotation={null}
                    size={null}
                    spin={false}
                    symbol={false}
                    title="Vis nedlastede elementer"
                    transform={null}
                  />
                </span>
              </div>
              <div
                className="expandeddownload"
              >
                <a
                  className="openMaplink"
                  href="/nedlasting"
                  target="_self"
                />
                <ul
                  className="mapitems"
                />
              </div>
            </div>,
          ],
          "className": "mainNavigation container",
        },
        "ref": null,
        "rendered": Array [
          Object {
            "instance": null,
            "key": undefined,
            "nodeType": "class",
            "props": Object {
              "children": <div
                className="logo"
              >
                <img
                  alt="Geonorge logo"
                />
              </div>,
              "to": "/",
            },
            "ref": null,
            "rendered": Object {
              "instance": null,
              "key": undefined,
              "nodeType": "host",
              "props": Object {
                "children": <img
                  alt="Geonorge logo"
                />,
                "className": "logo",
              },
              "ref": null,
              "rendered": Object {
                "instance": null,
                "key": undefined,
                "nodeType": "host",
                "props": Object {
                  "alt": "Geonorge logo",
                  "src": undefined,
                },
                "ref": null,
                "rendered": null,
                "type": "img",
              },
              "type": "div",
            },
            "type": [Function],
          },
          Object {
            "instance": null,
            "key": undefined,
            "nodeType": "host",
            "props": Object {
              "children": Array [
                <ErrorBoundary>
                  <Connect(SearchBar) />
                </ErrorBoundary>,
                <ul
                  className="radioButtons"
                >
                  <li
                    className="radioButton"
                  >
                    <span>
                      <FontAwesomeIcon
                        border={false}
                        className="radio"
                        fixedWidth={false}
                        flip={null}
                        icon={
                          Array [
                            "far",
                            "circle",
                          ]
                        }
                        inverse={false}
                        listItem={false}
                        mask={null}
                        pull={null}
                        pulse={false}
                        rotation={null}
                        size={null}
                        spin={false}
                        symbol={false}
                        title=""
                        transform={null}
                      />
                       
                      <b>
                        (
                        0
                        )
                      </b>
                    </span>
                  </li>
                  <li
                    className="radioButton"
                  >
                    <Link
                      to={
                        Object {
                          "pathname": "/articles",
                          "search": "text=undefined",
                        }
                      }
                    >
                      <FontAwesomeIcon
                        border={false}
                        className="radio"
                        fixedWidth={false}
                        flip={null}
                        icon={
                          Array [
                            "far",
                            "circle",
                          ]
                        }
                        inverse={false}
                        listItem={false}
                        mask={null}
                        pull={null}
                        pulse={false}
                        rotation={null}
                        size={null}
                        spin={false}
                        symbol={false}
                        title=""
                        transform={null}
                      />
                       
                      <b>
                        (
                        0
                        )
                      </b>
                    </Link>
                  </li>
                </ul>,
              ],
              "className": "search",
            },
            "ref": null,
            "rendered": Array [
              Object {
                "instance": null,
                "key": undefined,
                "nodeType": "class",
                "props": Object {
                  "children": <Connect(SearchBar) />,
                },
                "ref": null,
                "rendered": Object {
                  "instance": null,
                  "key": undefined,
                  "nodeType": "class",
                  "props": Object {},
                  "ref": null,
                  "rendered": null,
                  "type": [Function],
                },
                "type": [Function],
              },
              Object {
                "instance": null,
                "key": undefined,
                "nodeType": "host",
                "props": Object {
                  "children": Array [
                    <li
                      className="radioButton"
                    >
                      <span>
                        <FontAwesomeIcon
                          border={false}
                          className="radio"
                          fixedWidth={false}
                          flip={null}
                          icon={
                            Array [
                              "far",
                              "circle",
                            ]
                          }
                          inverse={false}
                          listItem={false}
                          mask={null}
                          pull={null}
                          pulse={false}
                          rotation={null}
                          size={null}
                          spin={false}
                          symbol={false}
                          title=""
                          transform={null}
                        />
                         
                        <b>
                          (
                          0
                          )
                        </b>
                      </span>
                    </li>,
                    <li
                      className="radioButton"
                    >
                      <Link
                        to={
                          Object {
                            "pathname": "/articles",
                            "search": "text=undefined",
                          }
                        }
                      >
                        <FontAwesomeIcon
                          border={false}
                          className="radio"
                          fixedWidth={false}
                          flip={null}
                          icon={
                            Array [
                              "far",
                              "circle",
                            ]
                          }
                          inverse={false}
                          listItem={false}
                          mask={null}
                          pull={null}
                          pulse={false}
                          rotation={null}
                          size={null}
                          spin={false}
                          symbol={false}
                          title=""
                          transform={null}
                        />
                         
                        <b>
                          (
                          0
                          )
                        </b>
                      </Link>
                    </li>,
                  ],
                  "className": "radioButtons",
                },
                "ref": null,
                "rendered": Array [
                  Object {
                    "instance": null,
                    "key": "0",
                    "nodeType": "host",
                    "props": Object {
                      "children": <span>
                        <FontAwesomeIcon
                          border={false}
                          className="radio"
                          fixedWidth={false}
                          flip={null}
                          icon={
                            Array [
                              "far",
                              "circle",
                            ]
                          }
                          inverse={false}
                          listItem={false}
                          mask={null}
                          pull={null}
                          pulse={false}
                          rotation={null}
                          size={null}
                          spin={false}
                          symbol={false}
                          title=""
                          transform={null}
                        />
                         
                        <b>
                          (
                          0
                          )
                        </b>
                      </span>,
                      "className": "radioButton",
                    },
                    "ref": null,
                    "rendered": Object {
                      "instance": null,
                      "key": undefined,
                      "nodeType": "host",
                      "props": Object {
                        "children": Array [
                          <FontAwesomeIcon
                            border={false}
                            className="radio"
                            fixedWidth={false}
                            flip={null}
                            icon={
                              Array [
                                "far",
                                "circle",
                              ]
                            }
                            inverse={false}
                            listItem={false}
                            mask={null}
                            pull={null}
                            pulse={false}
                            rotation={null}
                            size={null}
                            spin={false}
                            symbol={false}
                            title=""
                            transform={null}
                          />,
                          undefined,
                          " ",
                          <b>
                            (
                            0
                            )
                          </b>,
                        ],
                      },
                      "ref": null,
                      "rendered": Array [
                        Object {
                          "instance": null,
                          "key": undefined,
                          "nodeType": "function",
                          "props": Object {
                            "border": false,
                            "className": "radio",
                            "fixedWidth": false,
                            "flip": null,
                            "icon": Array [
                              "far",
                              "circle",
                            ],
                            "inverse": false,
                            "listItem": false,
                            "mask": null,
                            "pull": null,
                            "pulse": false,
                            "rotation": null,
                            "size": null,
                            "spin": false,
                            "symbol": false,
                            "title": "",
                            "transform": null,
                          },
                          "ref": null,
                          "rendered": null,
                          "type": [Function],
                        },
                        undefined,
                        " ",
                        Object {
                          "instance": null,
                          "key": undefined,
                          "nodeType": "host",
                          "props": Object {
                            "children": Array [
                              "(",
                              0,
                              ")",
                            ],
                          },
                          "ref": null,
                          "rendered": Array [
                            "(",
                            0,
                            ")",
                          ],
                          "type": "b",
                        },
                      ],
                      "type": "span",
                    },
                    "type": "li",
                  },
                  Object {
                    "instance": null,
                    "key": "1",
                    "nodeType": "host",
                    "props": Object {
                      "children": <Link
                        to={
                          Object {
                            "pathname": "/articles",
                            "search": "text=undefined",
                          }
                        }
                      >
                        <FontAwesomeIcon
                          border={false}
                          className="radio"
                          fixedWidth={false}
                          flip={null}
                          icon={
                            Array [
                              "far",
                              "circle",
                            ]
                          }
                          inverse={false}
                          listItem={false}
                          mask={null}
                          pull={null}
                          pulse={false}
                          rotation={null}
                          size={null}
                          spin={false}
                          symbol={false}
                          title=""
                          transform={null}
                        />
                         
                        <b>
                          (
                          0
                          )
                        </b>
                      </Link>,
                      "className": "radioButton",
                    },
                    "ref": null,
                    "rendered": Object {
                      "instance": null,
                      "key": undefined,
                      "nodeType": "class",
                      "props": Object {
                        "children": Array [
                          <FontAwesomeIcon
                            border={false}
                            className="radio"
                            fixedWidth={false}
                            flip={null}
                            icon={
                              Array [
                                "far",
                                "circle",
                              ]
                            }
                            inverse={false}
                            listItem={false}
                            mask={null}
                            pull={null}
                            pulse={false}
                            rotation={null}
                            size={null}
                            spin={false}
                            symbol={false}
                            title=""
                            transform={null}
                          />,
                          undefined,
                          " ",
                          <b>
                            (
                            0
                            )
                          </b>,
                        ],
                        "to": Object {
                          "pathname": "/articles",
                          "search": "text=undefined",
                        },
                      },
                      "ref": null,
                      "rendered": Array [
                        Object {
                          "instance": null,
                          "key": undefined,
                          "nodeType": "function",
                          "props": Object {
                            "border": false,
                            "className": "radio",
                            "fixedWidth": false,
                            "flip": null,
                            "icon": Array [
                              "far",
                              "circle",
                            ],
                            "inverse": false,
                            "listItem": false,
                            "mask": null,
                            "pull": null,
                            "pulse": false,
                            "rotation": null,
                            "size": null,
                            "spin": false,
                            "symbol": false,
                            "title": "",
                            "transform": null,
                          },
                          "ref": null,
                          "rendered": null,
                          "type": [Function],
                        },
                        undefined,
                        " ",
                        Object {
                          "instance": null,
                          "key": undefined,
                          "nodeType": "host",
                          "props": Object {
                            "children": Array [
                              "(",
                              0,
                              ")",
                            ],
                          },
                          "ref": null,
                          "rendered": Array [
                            "(",
                            0,
                            ")",
                          ],
                          "type": "b",
                        },
                      ],
                      "type": [Function],
                    },
                    "type": "li",
                  },
                ],
                "type": "ul",
              },
            ],
            "type": "div",
          },
          Object {
            "instance": null,
            "key": undefined,
            "nodeType": "class",
            "props": Object {
              "geonorgeMenu": Array [],
              "multilingual": true,
            },
            "ref": null,
            "rendered": null,
            "type": [Function],
          },
          Object {
            "instance": null,
            "key": undefined,
            "nodeType": "class",
            "props": Object {
              "children": <span
                className="iconButton"
              >
                <span
                  className="counter"
                >
                  0
                </span>
                <FontAwesomeIcon
                  border={false}
                  className="content1"
                  fixedWidth={false}
                  flip={null}
                  icon="map-marker-alt"
                  inverse={false}
                  listItem={false}
                  mask={null}
                  pull={null}
                  pulse={false}
                  rotation={null}
                  size={null}
                  spin={false}
                  symbol={false}
                  title=""
                  transform={null}
                />
              </span>,
              "to": "/kart",
            },
            "ref": null,
            "rendered": Object {
              "instance": null,
              "key": undefined,
              "nodeType": "host",
              "props": Object {
                "children": Array [
                  <span
                    className="counter"
                  >
                    0
                  </span>,
                  <FontAwesomeIcon
                    border={false}
                    className="content1"
                    fixedWidth={false}
                    flip={null}
                    icon="map-marker-alt"
                    inverse={false}
                    listItem={false}
                    mask={null}
                    pull={null}
                    pulse={false}
                    rotation={null}
                    size={null}
                    spin={false}
                    symbol={false}
                    title=""
                    transform={null}
                  />,
                ],
                "className": "iconButton",
              },
              "ref": null,
              "rendered": Array [
                Object {
                  "instance": null,
                  "key": undefined,
                  "nodeType": "host",
                  "props": Object {
                    "children": 0,
                    "className": "counter",
                  },
                  "ref": null,
                  "rendered": 0,
                  "type": "span",
                },
                Object {
                  "instance": null,
                  "key": "map-alt",
                  "nodeType": "function",
                  "props": Object {
                    "border": false,
                    "className": "content1",
                    "fixedWidth": false,
                    "flip": null,
                    "icon": "map-marker-alt",
                    "inverse": false,
                    "listItem": false,
                    "mask": null,
                    "pull": null,
                    "pulse": false,
                    "rotation": null,
                    "size": null,
                    "spin": false,
                    "symbol": false,
                    "title": "",
                    "transform": null,
                  },
                  "ref": null,
                  "rendered": null,
                  "type": [Function],
                },
              ],
              "type": "span",
            },
            "type": [Function],
          },
          Object {
            "instance": null,
            "key": undefined,
            "nodeType": "host",
            "props": Object {
              "children": Array [
                <div
                  className="openmap"
                  onClick={[Function]}
                >
                  <span
                    className="iconButton"
                  >
                    <span
                      className="counter"
                    >
                      0
                    </span>
                    <FontAwesomeIcon
                      border={false}
                      className="content1"
                      fixedWidth={false}
                      flip={null}
                      icon="cloud-download"
                      inverse={false}
                      listItem={false}
                      mask={null}
                      pull={null}
                      pulse={false}
                      rotation={null}
                      size={null}
                      spin={false}
                      symbol={false}
                      title="Vis nedlastede elementer"
                      transform={null}
                    />
                  </span>
                </div>,
                <div
                  className="expandeddownload"
                >
                  <a
                    className="openMaplink"
                    href="/nedlasting"
                    target="_self"
                  />
                  <ul
                    className="mapitems"
                  />
                </div>,
              ],
            },
            "ref": [Function],
            "rendered": Array [
              Object {
                "instance": null,
                "key": undefined,
                "nodeType": "host",
                "props": Object {
                  "children": <span
                    className="iconButton"
                  >
                    <span
                      className="counter"
                    >
                      0
                    </span>
                    <FontAwesomeIcon
                      border={false}
                      className="content1"
                      fixedWidth={false}
                      flip={null}
                      icon="cloud-download"
                      inverse={false}
                      listItem={false}
                      mask={null}
                      pull={null}
                      pulse={false}
                      rotation={null}
                      size={null}
                      spin={false}
                      symbol={false}
                      title="Vis nedlastede elementer"
                      transform={null}
                    />
                  </span>,
                  "className": "openmap",
                  "onClick": [Function],
                },
                "ref": null,
                "rendered": Object {
                  "instance": null,
                  "key": undefined,
                  "nodeType": "host",
                  "props": Object {
                    "children": Array [
                      <span
                        className="counter"
                      >
                        0
                      </span>,
                      <FontAwesomeIcon
                        border={false}
                        className="content1"
                        fixedWidth={false}
                        flip={null}
                        icon="cloud-download"
                        inverse={false}
                        listItem={false}
                        mask={null}
                        pull={null}
                        pulse={false}
                        rotation={null}
                        size={null}
                        spin={false}
                        symbol={false}
                        title="Vis nedlastede elementer"
                        transform={null}
                      />,
                    ],
                    "className": "iconButton",
                  },
                  "ref": null,
                  "rendered": Array [
                    Object {
                      "instance": null,
                      "key": undefined,
                      "nodeType": "host",
                      "props": Object {
                        "children": 0,
                        "className": "counter",
                      },
                      "ref": null,
                      "rendered": 0,
                      "type": "span",
                    },
                    Object {
                      "instance": null,
                      "key": undefined,
                      "nodeType": "function",
                      "props": Object {
                        "border": false,
                        "className": "content1",
                        "fixedWidth": false,
                        "flip": null,
                        "icon": "cloud-download",
                        "inverse": false,
                        "listItem": false,
                        "mask": null,
                        "pull": null,
                        "pulse": false,
                        "rotation": null,
                        "size": null,
                        "spin": false,
                        "symbol": false,
                        "title": "Vis nedlastede elementer",
                        "transform": null,
                      },
                      "ref": null,
                      "rendered": null,
                      "type": [Function],
                    },
                  ],
                  "type": "span",
                },
                "type": "div",
              },
              Object {
                "instance": null,
                "key": undefined,
                "nodeType": "host",
                "props": Object {
                  "children": Array [
                    <a
                      className="openMaplink"
                      href="/nedlasting"
                      target="_self"
                    />,
                    <ul
                      className="mapitems"
                    />,
                  ],
                  "className": "expandeddownload",
                },
                "ref": null,
                "rendered": Array [
                  Object {
                    "instance": null,
                    "key": undefined,
                    "nodeType": "host",
                    "props": Object {
                      "children": undefined,
                      "className": "openMaplink",
                      "href": "/nedlasting",
                      "target": "_self",
                    },
                    "ref": null,
                    "rendered": null,
                    "type": "a",
                  },
                  Object {
                    "instance": null,
                    "key": undefined,
                    "nodeType": "host",
                    "props": Object {
                      "children": Array [],
                      "className": "mapitems",
                    },
                    "ref": null,
                    "rendered": Array [],
                    "type": "ul",
                  },
                ],
                "type": "div",
              },
            ],
            "type": "div",
          },
        ],
        "type": "div",
      },
      "type": "div",
    },
  ],
  Symbol(enzyme.__options__): Object {
    "adapter": ReactSixteenAdapter {
      "options": Object {
        "enableComponentDidUpdateOnSetState": true,
        "legacyContextMode": "parent",
        "lifecycles": Object {
          "componentDidUpdate": Object {
            "onSetState": true,
          },
          "getChildContext": Object {
            "calledByRenderer": false,
          },
          "getDerivedStateFromError": true,
          "getDerivedStateFromProps": Object {
            "hasShouldComponentUpdateBug": false,
          },
          "getSnapshotBeforeUpdate": true,
          "setState": Object {
            "skipsComponentDidUpdateOnNullish": true,
          },
        },
      },
    },
    Symbol(enzyme.__providerValues__): undefined,
  },
  Symbol(enzyme.__providerValues__): Map {},
  Symbol(enzyme.__childContext__): null,
}
`;
